// Jest Snapshot v1, https://goo.gl/fbAQLP

exports[`Candidate component should render correctly when data is isDataFetching 1`] = `
<LoadingSpinner
  customClassName="candidate-loading-spinner"
/>
`;

exports[`Candidate component should render correctly when no error and data isDataFetching is done 1`] = `
<Candidate
  candidateDetails={Object {}}
  fetchCandidateDetails={
    [MockFunction] {
      "calls": Array [
        Array [],
        Array [],
        Array [],
        Array [],
      ],
      "results": Array [
        Object {
          "isThrow": false,
          "value": undefined,
        },
        Object {
          "isThrow": false,
          "value": undefined,
        },
        Object {
          "isThrow": false,
          "value": undefined,
        },
        Object {
          "isThrow": false,
          "value": undefined,
        },
      ],
    }
  }
>
  <CandidateView
    candidateDetails={Object {}}
  >
    <h3>
      Candidate Details:
    </h3>
    <div>
      <label>
        First Name:
      </label>
      <span />
    </div>
    <div>
      <label>
        Last Name:
      </label>
      <span />
    </div>
  </CandidateView>
</Candidate>
`;

exports[`Candidate component should render correctly when some error 1`] = `
<div
  className="candidate-error"
>
  Some error occurred. Please try again later.
</div>
`;
